// Jest Snapshot v1, https://goo.gl/fbAQLP

exports[`Validate autodiscover checker Test Thunderbird autoconfig discovery functionality 1`] = `
Array [
  Object {
    "port": 993,
    "security": "TLS",
    "server": "imap.guusvanmeerveld.dev",
    "type": "imap",
  },
  Object {
    "port": 587,
    "security": "STARTTLS",
    "server": "smtp.guusvanmeerveld.dev",
    "type": "smtp",
  },
]
`;
